=== pip install started Tue Jul 14 01:40:15 UTC 2026 ===
Collecting requests==2.32.3 (from -r gbdt_training/requirements.txt (line 1))
  Downloading requests-2.32.3-py3-none-any.whl.metadata (4.6 kB)
Collecting pandas==2.2.2 (from -r gbdt_training/requirements.txt (line 2))
  Downloading pandas-2.2.2-cp311-cp311-manylinux_2_17_x86_64.manylinux2014_x86_64.whl.metadata (19 kB)
Collecting numpy==1.26.4 (from -r gbdt_training/requirements.txt (line 3))
  Downloading numpy-1.26.4-cp311-cp311-manylinux_2_17_x86_64.manylinux2014_x86_64.whl.metadata (61 kB)
Collecting xgboost==2.1.1 (from -r gbdt_training/requirements.txt (line 4))
  Downloading xgboost-2.1.1-py3-none-manylinux_2_28_x86_64.whl.metadata (2.1 kB)
Collecting scikit-learn==1.5.1 (from -r gbdt_training/requirements.txt (line 5))
  Downloading scikit_learn-1.5.1-cp311-cp311-manylinux_2_17_x86_64.manylinux2014_x86_64.whl.metadata (12 kB)
Collecting charset-normalizer<4,>=2 (from requests==2.32.3->-r gbdt_training/requirements.txt (line 1))
  Downloading charset_normalizer-3.4.9-cp311-cp311-manylinux2014_x86_64.manylinux_2_17_x86_64.manylinux_2_28_x86_64.whl.metadata (41 kB)
Collecting idna<4,>=2.5 (from requests==2.32.3->-r gbdt_training/requirements.txt (line 1))
  Downloading idna-3.18-py3-none-any.whl.metadata (6.1 kB)
Collecting urllib3<3,>=1.21.1 (from requests==2.32.3->-r gbdt_training/requirements.txt (line 1))
  Downloading urllib3-2.7.0-py3-none-any.whl.metadata (6.9 kB)
Collecting certifi>=2017.4.17 (from requests==2.32.3->-r gbdt_training/requirements.txt (line 1))
  Downloading certifi-2026.6.17-py3-none-any.whl.metadata (2.5 kB)
Collecting python-dateutil>=2.8.2 (from pandas==2.2.2->-r gbdt_training/requirements.txt (line 2))
  Downloading python_dateutil-2.9.0.post0-py2.py3-none-any.whl.metadata (8.4 kB)
Collecting pytz>=2020.1 (from pandas==2.2.2->-r gbdt_training/requirements.txt (line 2))
  Downloading pytz-2026.2-py2.py3-none-any.whl.metadata (22 kB)
Collecting tzdata>=2022.7 (from pandas==2.2.2->-r gbdt_training/requirements.txt (line 2))
  Downloading tzdata-2026.3-py2.py3-none-any.whl.metadata (1.4 kB)
Collecting nvidia-nccl-cu12 (from xgboost==2.1.1->-r gbdt_training/requirements.txt (line 4))
  Downloading nvidia_nccl_cu12-2.30.7-py3-none-manylinux_2_18_x86_64.whl.metadata (2.1 kB)
Collecting scipy (from xgboost==2.1.1->-r gbdt_training/requirements.txt (line 4))
  Downloading scipy-1.17.1-cp311-cp311-manylinux_2_27_x86_64.manylinux_2_28_x86_64.whl.metadata (62 kB)
Collecting joblib>=1.2.0 (from scikit-learn==1.5.1->-r gbdt_training/requirements.txt (line 5))
  Downloading joblib-1.5.3-py3-none-any.whl.metadata (5.5 kB)
Collecting threadpoolctl>=3.1.0 (from scikit-learn==1.5.1->-r gbdt_training/requirements.txt (line 5))
  Downloading threadpoolctl-3.6.0-py3-none-any.whl.metadata (13 kB)
Collecting six>=1.5 (from python-dateutil>=2.8.2->pandas==2.2.2->-r gbdt_training/requirements.txt (line 2))
  Downloading six-1.17.0-py2.py3-none-any.whl.metadata (1.7 kB)
Downloading requests-2.32.3-py3-none-any.whl (64 kB)
Downloading pandas-2.2.2-cp311-cp311-manylinux_2_17_x86_64.manylinux2014_x86_64.whl (13.0 MB)
   ━━━━━━━━━━━━━━━━━━━━━━━━━━━━━━━━━━━━━━━━ 13.0/13.0 MB 151.9 MB/s  0:00:00
Downloading numpy-1.26.4-cp311-cp311-manylinux_2_17_x86_64.manylinux2014_x86_64.whl (18.3 MB)
   ━━━━━━━━━━━━━━━━━━━━━━━━━━━━━━━━━━━━━━━━ 18.3/18.3 MB 259.3 MB/s  0:00:00
Downloading xgboost-2.1.1-py3-none-manylinux_2_28_x86_64.whl (153.9 MB)
   ━━━━━━━━━━━━━━━━━━━━━━━━━━━━━━━━━━━━━━━━ 153.9/153.9 MB 109.2 MB/s  0:00:01
Downloading scikit_learn-1.5.1-cp311-cp311-manylinux_2_17_x86_64.manylinux2014_x86_64.whl (13.3 MB)
   ━━━━━━━━━━━━━━━━━━━━━━━━━━━━━━━━━━━━━━━━ 13.3/13.3 MB 184.4 MB/s  0:00:00
Downloading charset_normalizer-3.4.9-cp311-cp311-manylinux2014_x86_64.manylinux_2_17_x86_64.manylinux_2_28_x86_64.whl (221 kB)
Downloading idna-3.18-py3-none-any.whl (65 kB)
Downloading urllib3-2.7.0-py3-none-any.whl (131 kB)
Downloading certifi-2026.6.17-py3-none-any.whl (133 kB)
Downloading joblib-1.5.3-py3-none-any.whl (309 kB)
Downloading python_dateutil-2.9.0.post0-py2.py3-none-any.whl (229 kB)
Downloading pytz-2026.2-py2.py3-none-any.whl (510 kB)
Downloading scipy-1.17.1-cp311-cp311-manylinux_2_27_x86_64.manylinux_2_28_x86_64.whl (35.3 MB)
   ━━━━━━━━━━━━━━━━━━━━━━━━━━━━━━━━━━━━━━━━ 35.3/35.3 MB 351.3 MB/s  0:00:00
Downloading six-1.17.0-py2.py3-none-any.whl (11 kB)
Downloading threadpoolctl-3.6.0-py3-none-any.whl (18 kB)
Downloading tzdata-2026.3-py2.py3-none-any.whl (348 kB)
Downloading nvidia_nccl_cu12-2.30.7-py3-none-manylinux_2_18_x86_64.whl (303.4 MB)
   ━━━━━━━━━━━━━━━━━━━━━━━━━━━━━━━━━━━━━━━━ 303.4/303.4 MB 114.5 MB/s  0:00:02
Installing collected packages: pytz, urllib3, tzdata, threadpoolctl, six, nvidia-nccl-cu12, numpy, joblib, idna, charset-normalizer, certifi, scipy, requests, python-dateutil, xgboost, scikit-learn, pandas

Successfully installed certifi-2026.6.17 charset-normalizer-3.4.9 idna-3.18 joblib-1.5.3 numpy-1.26.4 nvidia-nccl-cu12-2.30.7 pandas-2.2.2 python-dateutil-2.9.0.post0 pytz-2026.2 requests-2.32.3 scikit-learn-1.5.1 scipy-1.17.1 six-1.17.0 threadpoolctl-3.6.0 tzdata-2026.3 urllib3-2.7.0 xgboost-2.1.1
=== pip install exit code: 0 ===
Package            Version
------------------ -----------
certifi            2026.6.17
charset-normalizer 3.4.9
idna               3.18
joblib             1.5.3
numpy              1.26.4
nvidia-nccl-cu12   2.30.7
pandas             2.2.2
pip                26.1.2
python-dateutil    2.9.0.post0
pytz               2026.2
requests           2.32.3
scikit-learn       1.5.1
scipy              1.17.1
setuptools         79.0.1
six                1.17.0
threadpoolctl      3.6.0
tzdata             2026.3
urllib3            2.7.0
xgboost            2.1.1
=== build_training_data.py started Tue Jul 14 01:40:40 UTC 2026 ===
Pulling real hitter training data for season 2025...
Real hitter training rows: 44220
Pulling real pitcher training data for season 2025...
Real pitcher training rows: 17130
Wrote data/hitter_training_2025.csv and data/pitcher_training_2025.csv
=== build_training_data.py exit code: 0 ===
=== train_models.py started Tue Jul 14 01:40:51 UTC 2026 ===
Training real hitter models...
  hits: 44220 real rows, test MAE=0.704, calibration_ratio(pred_mean/actual_mean)=1.027924481242841
  Exported models/hitter_hits.json (150 trees)
  total_bases: 44220 real rows, test MAE=1.339, calibration_ratio(pred_mean/actual_mean)=1.0114773387985923
  Exported models/hitter_total_bases.json (150 trees)
  runs: 44220 real rows, test MAE=0.570, calibration_ratio(pred_mean/actual_mean)=1.048275357586364
  Exported models/hitter_runs.json (150 trees)
  rbis: 44220 real rows, test MAE=0.614, calibration_ratio(pred_mean/actual_mean)=1.0763741533721098
  Exported models/hitter_rbis.json (150 trees)
  singles: 44220 real rows, test MAE=0.617, calibration_ratio(pred_mean/actual_mean)=1.0552836537490862
  Exported models/hitter_singles.json (150 trees)
  doubles: 44220 real rows, test MAE=0.286, calibration_ratio(pred_mean/actual_mean)=1.125192798172473
  Exported models/hitter_doubles.json (150 trees)
  home_runs: 44220 real rows, test MAE=0.225, calibration_ratio(pred_mean/actual_mean)=1.2147946227488555
  Exported models/hitter_home_runs.json (150 trees)
  walks: 44220 real rows, test MAE=0.471, calibration_ratio(pred_mean/actual_mean)=1.0155401564429671
  Exported models/hitter_walks.json (150 trees)
  hitter_strikeouts: 44220 real rows, test MAE=0.688, calibration_ratio(pred_mean/actual_mean)=1.0023803429918106
  Exported models/hitter_hitter_strikeouts.json (150 trees)
  stolen_bases: 44220 real rows, test MAE=0.155, calibration_ratio(pred_mean/actual_mean)=1.2610751334662853
  Exported models/hitter_stolen_bases.json (150 trees)
  triples: 44220 real rows, test MAE=0.051, calibration_ratio(pred_mean/actual_mean)=2.3389637503963314
  Exported models/hitter_triples.json (150 trees)
Training real pitcher models...
  pitcher_strikeouts: 17130 real rows, test MAE=1.659, calibration_ratio(pred_mean/actual_mean)=1.0219670449582259
  Exported models/pitcher_pitcher_strikeouts.json (150 trees)
  pitcher_outs: 17130 real rows, test MAE=4.853, calibration_ratio(pred_mean/actual_mean)=1.0117291841350617
  Exported models/pitcher_pitcher_outs.json (150 trees)
  earned_runs: 17130 real rows, test MAE=1.143, calibration_ratio(pred_mean/actual_mean)=1.0077443247367193
  Exported models/pitcher_earned_runs.json (150 trees)
  hits_allowed: 17130 real rows, test MAE=1.769, calibration_ratio(pred_mean/actual_mean)=1.0086610357222556
  Exported models/pitcher_hits_allowed.json (150 trees)
  walks_allowed: 17130 real rows, test MAE=0.812, calibration_ratio(pred_mean/actual_mean)=1.0078657935020574
  Exported models/pitcher_walks_allowed.json (150 trees)
=== train_models.py exit code: 0 ===
=== pip install started Tue Jul 14 01:50:14 UTC 2026 ===
Collecting requests==2.32.3 (from -r gbdt_training/requirements.txt (line 1))
  Downloading requests-2.32.3-py3-none-any.whl.metadata (4.6 kB)
Collecting pandas==2.2.2 (from -r gbdt_training/requirements.txt (line 2))
  Downloading pandas-2.2.2-cp311-cp311-manylinux_2_17_x86_64.manylinux2014_x86_64.whl.metadata (19 kB)
Collecting numpy==1.26.4 (from -r gbdt_training/requirements.txt (line 3))
  Downloading numpy-1.26.4-cp311-cp311-manylinux_2_17_x86_64.manylinux2014_x86_64.whl.metadata (61 kB)
Collecting xgboost==2.1.1 (from -r gbdt_training/requirements.txt (line 4))
  Downloading xgboost-2.1.1-py3-none-manylinux_2_28_x86_64.whl.metadata (2.1 kB)
Collecting scikit-learn==1.5.1 (from -r gbdt_training/requirements.txt (line 5))
  Downloading scikit_learn-1.5.1-cp311-cp311-manylinux_2_17_x86_64.manylinux2014_x86_64.whl.metadata (12 kB)
Collecting charset-normalizer<4,>=2 (from requests==2.32.3->-r gbdt_training/requirements.txt (line 1))
  Downloading charset_normalizer-3.4.9-cp311-cp311-manylinux2014_x86_64.manylinux_2_17_x86_64.manylinux_2_28_x86_64.whl.metadata (41 kB)
Collecting idna<4,>=2.5 (from requests==2.32.3->-r gbdt_training/requirements.txt (line 1))
  Downloading idna-3.18-py3-none-any.whl.metadata (6.1 kB)
Collecting urllib3<3,>=1.21.1 (from requests==2.32.3->-r gbdt_training/requirements.txt (line 1))
  Downloading urllib3-2.7.0-py3-none-any.whl.metadata (6.9 kB)
Collecting certifi>=2017.4.17 (from requests==2.32.3->-r gbdt_training/requirements.txt (line 1))
  Downloading certifi-2026.6.17-py3-none-any.whl.metadata (2.5 kB)
Collecting python-dateutil>=2.8.2 (from pandas==2.2.2->-r gbdt_training/requirements.txt (line 2))
  Downloading python_dateutil-2.9.0.post0-py2.py3-none-any.whl.metadata (8.4 kB)
Collecting pytz>=2020.1 (from pandas==2.2.2->-r gbdt_training/requirements.txt (line 2))
  Downloading pytz-2026.2-py2.py3-none-any.whl.metadata (22 kB)
Collecting tzdata>=2022.7 (from pandas==2.2.2->-r gbdt_training/requirements.txt (line 2))
  Downloading tzdata-2026.3-py2.py3-none-any.whl.metadata (1.4 kB)
Collecting nvidia-nccl-cu12 (from xgboost==2.1.1->-r gbdt_training/requirements.txt (line 4))
  Downloading nvidia_nccl_cu12-2.30.7-py3-none-manylinux_2_18_x86_64.whl.metadata (2.1 kB)
Collecting scipy (from xgboost==2.1.1->-r gbdt_training/requirements.txt (line 4))
  Downloading scipy-1.17.1-cp311-cp311-manylinux_2_27_x86_64.manylinux_2_28_x86_64.whl.metadata (62 kB)
Collecting joblib>=1.2.0 (from scikit-learn==1.5.1->-r gbdt_training/requirements.txt (line 5))
  Downloading joblib-1.5.3-py3-none-any.whl.metadata (5.5 kB)
Collecting threadpoolctl>=3.1.0 (from scikit-learn==1.5.1->-r gbdt_training/requirements.txt (line 5))
  Downloading threadpoolctl-3.6.0-py3-none-any.whl.metadata (13 kB)
Collecting six>=1.5 (from python-dateutil>=2.8.2->pandas==2.2.2->-r gbdt_training/requirements.txt (line 2))
  Downloading six-1.17.0-py2.py3-none-any.whl.metadata (1.7 kB)
Downloading requests-2.32.3-py3-none-any.whl (64 kB)
Downloading pandas-2.2.2-cp311-cp311-manylinux_2_17_x86_64.manylinux2014_x86_64.whl (13.0 MB)
   ━━━━━━━━━━━━━━━━━━━━━━━━━━━━━━━━━━━━━━━━ 13.0/13.0 MB 136.6 MB/s  0:00:00
Downloading numpy-1.26.4-cp311-cp311-manylinux_2_17_x86_64.manylinux2014_x86_64.whl (18.3 MB)
   ━━━━━━━━━━━━━━━━━━━━━━━━━━━━━━━━━━━━━━━━ 18.3/18.3 MB 339.6 MB/s  0:00:00
Downloading xgboost-2.1.1-py3-none-manylinux_2_28_x86_64.whl (153.9 MB)
   ━━━━━━━━━━━━━━━━━━━━━━━━━━━━━━━━━━━━━━━━ 153.9/153.9 MB 128.0 MB/s  0:00:01
Downloading scikit_learn-1.5.1-cp311-cp311-manylinux_2_17_x86_64.manylinux2014_x86_64.whl (13.3 MB)
   ━━━━━━━━━━━━━━━━━━━━━━━━━━━━━━━━━━━━━━━━ 13.3/13.3 MB 218.9 MB/s  0:00:00
Downloading charset_normalizer-3.4.9-cp311-cp311-manylinux2014_x86_64.manylinux_2_17_x86_64.manylinux_2_28_x86_64.whl (221 kB)
Downloading idna-3.18-py3-none-any.whl (65 kB)
Downloading urllib3-2.7.0-py3-none-any.whl (131 kB)
Downloading certifi-2026.6.17-py3-none-any.whl (133 kB)
Downloading joblib-1.5.3-py3-none-any.whl (309 kB)
Downloading python_dateutil-2.9.0.post0-py2.py3-none-any.whl (229 kB)
Downloading pytz-2026.2-py2.py3-none-any.whl (510 kB)
Downloading scipy-1.17.1-cp311-cp311-manylinux_2_27_x86_64.manylinux_2_28_x86_64.whl (35.3 MB)
   ━━━━━━━━━━━━━━━━━━━━━━━━━━━━━━━━━━━━━━━━ 35.3/35.3 MB 333.5 MB/s  0:00:00
Downloading six-1.17.0-py2.py3-none-any.whl (11 kB)
Downloading threadpoolctl-3.6.0-py3-none-any.whl (18 kB)
Downloading tzdata-2026.3-py2.py3-none-any.whl (348 kB)
Downloading nvidia_nccl_cu12-2.30.7-py3-none-manylinux_2_18_x86_64.whl (303.4 MB)
   ━━━━━━━━━━━━━━━━━━━━━━━━━━━━━━━━━━━━━━━━ 303.4/303.4 MB 227.1 MB/s  0:00:01
Installing collected packages: pytz, urllib3, tzdata, threadpoolctl, six, nvidia-nccl-cu12, numpy, joblib, idna, charset-normalizer, certifi, scipy, requests, python-dateutil, xgboost, scikit-learn, pandas

Successfully installed certifi-2026.6.17 charset-normalizer-3.4.9 idna-3.18 joblib-1.5.3 numpy-1.26.4 nvidia-nccl-cu12-2.30.7 pandas-2.2.2 python-dateutil-2.9.0.post0 pytz-2026.2 requests-2.32.3 scikit-learn-1.5.1 scipy-1.17.1 six-1.17.0 threadpoolctl-3.6.0 tzdata-2026.3 urllib3-2.7.0 xgboost-2.1.1
=== pip install exit code: 0 ===
Package            Version
------------------ -----------
certifi            2026.6.17
charset-normalizer 3.4.9
idna               3.18
joblib             1.5.3
numpy              1.26.4
nvidia-nccl-cu12   2.30.7
pandas             2.2.2
pip                26.1.2
python-dateutil    2.9.0.post0
pytz               2026.2
requests           2.32.3
scikit-learn       1.5.1
scipy              1.17.1
setuptools         79.0.1
six                1.17.0
threadpoolctl      3.6.0
tzdata             2026.3
urllib3            2.7.0
xgboost            2.1.1
=== build_training_data.py started Tue Jul 14 01:50:38 UTC 2026 ===
Pulling real weather/umpire context (spans all real historical dates)...
Pulling real hitter training data for season 2025...
  season 2025: 44220 real hitter rows
Pulling real pitcher training data for season 2025...
  season 2025: 17130 real pitcher rows
Real combined hitter training rows (all seasons): 44220
Real combined pitcher training rows (all seasons): 17130
Wrote data/hitter_training_multiseason.csv and data/pitcher_training_multiseason.csv
=== build_training_data.py exit code: 0 ===
=== train_models.py started Tue Jul 14 01:50:51 UTC 2026 ===
Training real hitter models...
  hits: 44220 real rows, test MAE=0.704, calibration_ratio(pred_mean/actual_mean)=1.02815142022879
  Exported models/hitter_hits.json (150 trees)
  total_bases: 44220 real rows, test MAE=1.339, calibration_ratio(pred_mean/actual_mean)=1.0117452546397805
  Exported models/hitter_total_bases.json (150 trees)
  runs: 44220 real rows, test MAE=0.569, calibration_ratio(pred_mean/actual_mean)=1.0490703590764294
  Exported models/hitter_runs.json (150 trees)
  rbis: 44220 real rows, test MAE=0.614, calibration_ratio(pred_mean/actual_mean)=1.0771947381341478
  Exported models/hitter_rbis.json (150 trees)
  singles: 44220 real rows, test MAE=0.617, calibration_ratio(pred_mean/actual_mean)=1.055416041904487
  Exported models/hitter_singles.json (150 trees)
  doubles: 44220 real rows, test MAE=0.286, calibration_ratio(pred_mean/actual_mean)=1.1254983060246744
  Exported models/hitter_doubles.json (150 trees)
  home_runs: 44220 real rows, test MAE=0.225, calibration_ratio(pred_mean/actual_mean)=1.2154094505263124
  Exported models/hitter_home_runs.json (150 trees)
  walks: 44220 real rows, test MAE=0.471, calibration_ratio(pred_mean/actual_mean)=1.0158404841570063
  Exported models/hitter_walks.json (150 trees)
  hitter_strikeouts: 44220 real rows, test MAE=0.688, calibration_ratio(pred_mean/actual_mean)=1.0024707921859184
  Exported models/hitter_hitter_strikeouts.json (150 trees)
  stolen_bases: 44220 real rows, test MAE=0.155, calibration_ratio(pred_mean/actual_mean)=1.2606401598616823
  Exported models/hitter_stolen_bases.json (150 trees)
  triples: 44220 real rows, test MAE=0.051, calibration_ratio(pred_mean/actual_mean)=2.339164074537528
  Exported models/hitter_triples.json (150 trees)
  hits_runs_rbis: 44220 real rows, test MAE=1.505, calibration_ratio(pred_mean/actual_mean)=1.0177609179205698
  Exported models/hitter_hits_runs_rbis.json (150 trees)
Training real pitcher models...
  pitcher_strikeouts: 17130 real rows, test MAE=1.659, calibration_ratio(pred_mean/actual_mean)=1.0219670449582259
  Exported models/pitcher_pitcher_strikeouts.json (150 trees)
  pitcher_outs: 17130 real rows, test MAE=4.853, calibration_ratio(pred_mean/actual_mean)=1.0117291841350617
  Exported models/pitcher_pitcher_outs.json (150 trees)
  earned_runs: 17130 real rows, test MAE=1.143, calibration_ratio(pred_mean/actual_mean)=1.0077443247367193
  Exported models/pitcher_earned_runs.json (150 trees)
  hits_allowed: 17130 real rows, test MAE=1.769, calibration_ratio(pred_mean/actual_mean)=1.0086610357222556
  Exported models/pitcher_hits_allowed.json (150 trees)
  walks_allowed: 17130 real rows, test MAE=0.812, calibration_ratio(pred_mean/actual_mean)=1.0078657935020574
  Exported models/pitcher_walks_allowed.json (150 trees)
  runs_allowed: 17130 real rows, test MAE=1.203, calibration_ratio(pred_mean/actual_mean)=1.0006150307444062
  Exported models/pitcher_runs_allowed.json (150 trees)
=== train_models.py exit code: 0 ===
=== pip install started Tue Jul 14 01:52:13 UTC 2026 ===
Collecting requests==2.32.3 (from -r gbdt_training/requirements.txt (line 1))
  Downloading requests-2.32.3-py3-none-any.whl.metadata (4.6 kB)
Collecting pandas==2.2.2 (from -r gbdt_training/requirements.txt (line 2))
  Downloading pandas-2.2.2-cp311-cp311-manylinux_2_17_x86_64.manylinux2014_x86_64.whl.metadata (19 kB)
Collecting numpy==1.26.4 (from -r gbdt_training/requirements.txt (line 3))
  Downloading numpy-1.26.4-cp311-cp311-manylinux_2_17_x86_64.manylinux2014_x86_64.whl.metadata (61 kB)
Collecting xgboost==2.1.1 (from -r gbdt_training/requirements.txt (line 4))
  Downloading xgboost-2.1.1-py3-none-manylinux_2_28_x86_64.whl.metadata (2.1 kB)
Collecting scikit-learn==1.5.1 (from -r gbdt_training/requirements.txt (line 5))
  Downloading scikit_learn-1.5.1-cp311-cp311-manylinux_2_17_x86_64.manylinux2014_x86_64.whl.metadata (12 kB)
Collecting charset-normalizer<4,>=2 (from requests==2.32.3->-r gbdt_training/requirements.txt (line 1))
  Downloading charset_normalizer-3.4.9-cp311-cp311-manylinux2014_x86_64.manylinux_2_17_x86_64.manylinux_2_28_x86_64.whl.metadata (41 kB)
Collecting idna<4,>=2.5 (from requests==2.32.3->-r gbdt_training/requirements.txt (line 1))
  Downloading idna-3.18-py3-none-any.whl.metadata (6.1 kB)
Collecting urllib3<3,>=1.21.1 (from requests==2.32.3->-r gbdt_training/requirements.txt (line 1))
  Downloading urllib3-2.7.0-py3-none-any.whl.metadata (6.9 kB)
Collecting certifi>=2017.4.17 (from requests==2.32.3->-r gbdt_training/requirements.txt (line 1))
  Downloading certifi-2026.6.17-py3-none-any.whl.metadata (2.5 kB)
Collecting python-dateutil>=2.8.2 (from pandas==2.2.2->-r gbdt_training/requirements.txt (line 2))
  Downloading python_dateutil-2.9.0.post0-py2.py3-none-any.whl.metadata (8.4 kB)
Collecting pytz>=2020.1 (from pandas==2.2.2->-r gbdt_training/requirements.txt (line 2))
  Downloading pytz-2026.2-py2.py3-none-any.whl.metadata (22 kB)
Collecting tzdata>=2022.7 (from pandas==2.2.2->-r gbdt_training/requirements.txt (line 2))
  Downloading tzdata-2026.3-py2.py3-none-any.whl.metadata (1.4 kB)
Collecting nvidia-nccl-cu12 (from xgboost==2.1.1->-r gbdt_training/requirements.txt (line 4))
  Downloading nvidia_nccl_cu12-2.30.7-py3-none-manylinux_2_18_x86_64.whl.metadata (2.1 kB)
Collecting scipy (from xgboost==2.1.1->-r gbdt_training/requirements.txt (line 4))
  Downloading scipy-1.17.1-cp311-cp311-manylinux_2_27_x86_64.manylinux_2_28_x86_64.whl.metadata (62 kB)
Collecting joblib>=1.2.0 (from scikit-learn==1.5.1->-r gbdt_training/requirements.txt (line 5))
  Downloading joblib-1.5.3-py3-none-any.whl.metadata (5.5 kB)
Collecting threadpoolctl>=3.1.0 (from scikit-learn==1.5.1->-r gbdt_training/requirements.txt (line 5))
  Downloading threadpoolctl-3.6.0-py3-none-any.whl.metadata (13 kB)
Collecting six>=1.5 (from python-dateutil>=2.8.2->pandas==2.2.2->-r gbdt_training/requirements.txt (line 2))
  Downloading six-1.17.0-py2.py3-none-any.whl.metadata (1.7 kB)
Downloading requests-2.32.3-py3-none-any.whl (64 kB)
Downloading pandas-2.2.2-cp311-cp311-manylinux_2_17_x86_64.manylinux2014_x86_64.whl (13.0 MB)
   ━━━━━━━━━━━━━━━━━━━━━━━━━━━━━━━━━━━━━━━━ 13.0/13.0 MB 85.3 MB/s  0:00:00
Downloading numpy-1.26.4-cp311-cp311-manylinux_2_17_x86_64.manylinux2014_x86_64.whl (18.3 MB)
   ━━━━━━━━━━━━━━━━━━━━━━━━━━━━━━━━━━━━━━━━ 18.3/18.3 MB 273.8 MB/s  0:00:00
Downloading xgboost-2.1.1-py3-none-manylinux_2_28_x86_64.whl (153.9 MB)
   ━━━━━━━━━━━━━━━━━━━━━━━━━━━━━━━━━━━━━━━━ 153.9/153.9 MB 112.2 MB/s  0:00:01
Downloading scikit_learn-1.5.1-cp311-cp311-manylinux_2_17_x86_64.manylinux2014_x86_64.whl (13.3 MB)
   ━━━━━━━━━━━━━━━━━━━━━━━━━━━━━━━━━━━━━━━━ 13.3/13.3 MB 149.3 MB/s  0:00:00
Downloading charset_normalizer-3.4.9-cp311-cp311-manylinux2014_x86_64.manylinux_2_17_x86_64.manylinux_2_28_x86_64.whl (221 kB)
Downloading idna-3.18-py3-none-any.whl (65 kB)
Downloading urllib3-2.7.0-py3-none-any.whl (131 kB)
Downloading certifi-2026.6.17-py3-none-any.whl (133 kB)
Downloading joblib-1.5.3-py3-none-any.whl (309 kB)
Downloading python_dateutil-2.9.0.post0-py2.py3-none-any.whl (229 kB)
Downloading pytz-2026.2-py2.py3-none-any.whl (510 kB)
Downloading scipy-1.17.1-cp311-cp311-manylinux_2_27_x86_64.manylinux_2_28_x86_64.whl (35.3 MB)
   ━━━━━━━━━━━━━━━━━━━━━━━━━━━━━━━━━━━━━━━━ 35.3/35.3 MB 360.3 MB/s  0:00:00
Downloading six-1.17.0-py2.py3-none-any.whl (11 kB)
Downloading threadpoolctl-3.6.0-py3-none-any.whl (18 kB)
Downloading tzdata-2026.3-py2.py3-none-any.whl (348 kB)
Downloading nvidia_nccl_cu12-2.30.7-py3-none-manylinux_2_18_x86_64.whl (303.4 MB)
   ━━━━━━━━━━━━━━━━━━━━━━━━━━━━━━━━━━━━━━━━ 303.4/303.4 MB 146.5 MB/s  0:00:02
Installing collected packages: pytz, urllib3, tzdata, threadpoolctl, six, nvidia-nccl-cu12, numpy, joblib, idna, charset-normalizer, certifi, scipy, requests, python-dateutil, xgboost, scikit-learn, pandas

Successfully installed certifi-2026.6.17 charset-normalizer-3.4.9 idna-3.18 joblib-1.5.3 numpy-1.26.4 nvidia-nccl-cu12-2.30.7 pandas-2.2.2 python-dateutil-2.9.0.post0 pytz-2026.2 requests-2.32.3 scikit-learn-1.5.1 scipy-1.17.1 six-1.17.0 threadpoolctl-3.6.0 tzdata-2026.3 urllib3-2.7.0 xgboost-2.1.1
=== pip install exit code: 0 ===
Package            Version
------------------ -----------
certifi            2026.6.17
charset-normalizer 3.4.9
idna               3.18
joblib             1.5.3
numpy              1.26.4
nvidia-nccl-cu12   2.30.7
pandas             2.2.2
pip                26.1.2
python-dateutil    2.9.0.post0
pytz               2026.2
requests           2.32.3
scikit-learn       1.5.1
scipy              1.17.1
setuptools         79.0.1
six                1.17.0
threadpoolctl      3.6.0
tzdata             2026.3
urllib3            2.7.0
xgboost            2.1.1
=== build_training_data.py started Tue Jul 14 01:52:39 UTC 2026 ===
Pulling real weather/umpire context (spans all real historical dates)...
Pulling real hitter training data for season 2025...
  season 2025: 44220 real hitter rows
Pulling real pitcher training data for season 2025...
  season 2025: 17130 real pitcher rows
Pulling real hitter training data for season 2026...
  season 2026: 30240 real hitter rows
Pulling real pitcher training data for season 2026...
  season 2026: 12002 real pitcher rows
Real combined hitter training rows (all seasons): 74460
Real combined pitcher training rows (all seasons): 29132
Wrote data/hitter_training_multiseason.csv and data/pitcher_training_multiseason.csv
=== build_training_data.py exit code: 0 ===
=== train_models.py started Tue Jul 14 01:53:00 UTC 2026 ===
Training real hitter models...
  hits: 74460 real rows, test MAE=0.705, calibration_ratio(pred_mean/actual_mean)=1.0002897187551811
  Exported models/hitter_hits.json (150 trees)
  total_bases: 74460 real rows, test MAE=1.317, calibration_ratio(pred_mean/actual_mean)=0.9917203503178983
  Exported models/hitter_total_bases.json (150 trees)
  runs: 74460 real rows, test MAE=0.570, calibration_ratio(pred_mean/actual_mean)=1.018153769737813
  Exported models/hitter_runs.json (150 trees)
  rbis: 74460 real rows, test MAE=0.615, calibration_ratio(pred_mean/actual_mean)=1.0311409579606252
  Exported models/hitter_rbis.json (150 trees)
  singles: 74460 real rows, test MAE=0.619, calibration_ratio(pred_mean/actual_mean)=1.0096882071204205
  Exported models/hitter_singles.json (150 trees)
  doubles: 74460 real rows, test MAE=0.278, calibration_ratio(pred_mean/actual_mean)=1.1518282015122336
  Exported models/hitter_doubles.json (150 trees)
  home_runs: 74460 real rows, test MAE=0.221, calibration_ratio(pred_mean/actual_mean)=1.1906769932961367
  Exported models/hitter_home_runs.json (150 trees)
  walks: 74460 real rows, test MAE=0.471, calibration_ratio(pred_mean/actual_mean)=1.0410621316898978
  Exported models/hitter_walks.json (150 trees)
  hitter_strikeouts: 74460 real rows, test MAE=0.690, calibration_ratio(pred_mean/actual_mean)=1.0182026641900812
  Exported models/hitter_hitter_strikeouts.json (150 trees)
  stolen_bases: 74460 real rows, test MAE=0.149, calibration_ratio(pred_mean/actual_mean)=1.3170554153151472
  Exported models/hitter_stolen_bases.json (150 trees)
  triples: 74460 real rows, test MAE=0.050, calibration_ratio(pred_mean/actual_mean)=2.4346909947120228
  Exported models/hitter_triples.json (150 trees)
  hits_runs_rbis: 74460 real rows, test MAE=1.499, calibration_ratio(pred_mean/actual_mean)=0.9850090656340184
  Exported models/hitter_hits_runs_rbis.json (150 trees)
Training real pitcher models...
  pitcher_strikeouts: 29132 real rows, test MAE=1.637, calibration_ratio(pred_mean/actual_mean)=0.9870265862163741
  Exported models/pitcher_pitcher_strikeouts.json (150 trees)
  pitcher_outs: 29132 real rows, test MAE=4.814, calibration_ratio(pred_mean/actual_mean)=0.9794625632173359
  Exported models/pitcher_pitcher_outs.json (150 trees)
  earned_runs: 29132 real rows, test MAE=1.150, calibration_ratio(pred_mean/actual_mean)=0.9841764536900057
  Exported models/pitcher_earned_runs.json (150 trees)
  hits_allowed: 29132 real rows, test MAE=1.755, calibration_ratio(pred_mean/actual_mean)=0.9794184351459461
  Exported models/pitcher_hits_allowed.json (150 trees)
  walks_allowed: 29132 real rows, test MAE=0.832, calibration_ratio(pred_mean/actual_mean)=1.0217982080545318
  Exported models/pitcher_walks_allowed.json (150 trees)
  runs_allowed: 29132 real rows, test MAE=1.213, calibration_ratio(pred_mean/actual_mean)=0.9831628701363403
  Exported models/pitcher_runs_allowed.json (150 trees)
=== train_models.py exit code: 0 ===
=== pip install started Tue Jul 14 02:04:12 UTC 2026 ===
Collecting requests==2.32.3 (from -r gbdt_training/requirements.txt (line 1))
  Downloading requests-2.32.3-py3-none-any.whl.metadata (4.6 kB)
Collecting pandas==2.2.2 (from -r gbdt_training/requirements.txt (line 2))
  Downloading pandas-2.2.2-cp311-cp311-manylinux_2_17_x86_64.manylinux2014_x86_64.whl.metadata (19 kB)
Collecting numpy==1.26.4 (from -r gbdt_training/requirements.txt (line 3))
  Downloading numpy-1.26.4-cp311-cp311-manylinux_2_17_x86_64.manylinux2014_x86_64.whl.metadata (61 kB)
Collecting xgboost==2.1.1 (from -r gbdt_training/requirements.txt (line 4))
  Downloading xgboost-2.1.1-py3-none-manylinux_2_28_x86_64.whl.metadata (2.1 kB)
Collecting scikit-learn==1.5.1 (from -r gbdt_training/requirements.txt (line 5))
  Downloading scikit_learn-1.5.1-cp311-cp311-manylinux_2_17_x86_64.manylinux2014_x86_64.whl.metadata (12 kB)
Collecting charset-normalizer<4,>=2 (from requests==2.32.3->-r gbdt_training/requirements.txt (line 1))
  Downloading charset_normalizer-3.4.9-cp311-cp311-manylinux2014_x86_64.manylinux_2_17_x86_64.manylinux_2_28_x86_64.whl.metadata (41 kB)
Collecting idna<4,>=2.5 (from requests==2.32.3->-r gbdt_training/requirements.txt (line 1))
  Downloading idna-3.18-py3-none-any.whl.metadata (6.1 kB)
Collecting urllib3<3,>=1.21.1 (from requests==2.32.3->-r gbdt_training/requirements.txt (line 1))
  Downloading urllib3-2.7.0-py3-none-any.whl.metadata (6.9 kB)
Collecting certifi>=2017.4.17 (from requests==2.32.3->-r gbdt_training/requirements.txt (line 1))
  Downloading certifi-2026.6.17-py3-none-any.whl.metadata (2.5 kB)
Collecting python-dateutil>=2.8.2 (from pandas==2.2.2->-r gbdt_training/requirements.txt (line 2))
  Downloading python_dateutil-2.9.0.post0-py2.py3-none-any.whl.metadata (8.4 kB)
Collecting pytz>=2020.1 (from pandas==2.2.2->-r gbdt_training/requirements.txt (line 2))
  Downloading pytz-2026.2-py2.py3-none-any.whl.metadata (22 kB)
Collecting tzdata>=2022.7 (from pandas==2.2.2->-r gbdt_training/requirements.txt (line 2))
  Downloading tzdata-2026.3-py2.py3-none-any.whl.metadata (1.4 kB)
Collecting nvidia-nccl-cu12 (from xgboost==2.1.1->-r gbdt_training/requirements.txt (line 4))
  Downloading nvidia_nccl_cu12-2.30.7-py3-none-manylinux_2_18_x86_64.whl.metadata (2.1 kB)
Collecting scipy (from xgboost==2.1.1->-r gbdt_training/requirements.txt (line 4))
  Downloading scipy-1.17.1-cp311-cp311-manylinux_2_27_x86_64.manylinux_2_28_x86_64.whl.metadata (62 kB)
Collecting joblib>=1.2.0 (from scikit-learn==1.5.1->-r gbdt_training/requirements.txt (line 5))
  Downloading joblib-1.5.3-py3-none-any.whl.metadata (5.5 kB)
Collecting threadpoolctl>=3.1.0 (from scikit-learn==1.5.1->-r gbdt_training/requirements.txt (line 5))
  Downloading threadpoolctl-3.6.0-py3-none-any.whl.metadata (13 kB)
Collecting six>=1.5 (from python-dateutil>=2.8.2->pandas==2.2.2->-r gbdt_training/requirements.txt (line 2))
  Downloading six-1.17.0-py2.py3-none-any.whl.metadata (1.7 kB)
Downloading requests-2.32.3-py3-none-any.whl (64 kB)
Downloading pandas-2.2.2-cp311-cp311-manylinux_2_17_x86_64.manylinux2014_x86_64.whl (13.0 MB)
   ━━━━━━━━━━━━━━━━━━━━━━━━━━━━━━━━━━━━━━━━ 13.0/13.0 MB 120.8 MB/s  0:00:00
Downloading numpy-1.26.4-cp311-cp311-manylinux_2_17_x86_64.manylinux2014_x86_64.whl (18.3 MB)
   ━━━━━━━━━━━━━━━━━━━━━━━━━━━━━━━━━━━━━━━━ 18.3/18.3 MB 375.1 MB/s  0:00:00
Downloading xgboost-2.1.1-py3-none-manylinux_2_28_x86_64.whl (153.9 MB)
   ━━━━━━━━━━━━━━━━━━━━━━━━━━━━━━━━━━━━━━━━ 153.9/153.9 MB 109.6 MB/s  0:00:01
Downloading scikit_learn-1.5.1-cp311-cp311-manylinux_2_17_x86_64.manylinux2014_x86_64.whl (13.3 MB)
   ━━━━━━━━━━━━━━━━━━━━━━━━━━━━━━━━━━━━━━━━ 13.3/13.3 MB 167.6 MB/s  0:00:00
Downloading charset_normalizer-3.4.9-cp311-cp311-manylinux2014_x86_64.manylinux_2_17_x86_64.manylinux_2_28_x86_64.whl (221 kB)
Downloading idna-3.18-py3-none-any.whl (65 kB)
Downloading urllib3-2.7.0-py3-none-any.whl (131 kB)
Downloading certifi-2026.6.17-py3-none-any.whl (133 kB)
Downloading joblib-1.5.3-py3-none-any.whl (309 kB)
Downloading python_dateutil-2.9.0.post0-py2.py3-none-any.whl (229 kB)
Downloading pytz-2026.2-py2.py3-none-any.whl (510 kB)
Downloading scipy-1.17.1-cp311-cp311-manylinux_2_27_x86_64.manylinux_2_28_x86_64.whl (35.3 MB)
   ━━━━━━━━━━━━━━━━━━━━━━━━━━━━━━━━━━━━━━━━ 35.3/35.3 MB 122.7 MB/s  0:00:00
Downloading six-1.17.0-py2.py3-none-any.whl (11 kB)
Downloading threadpoolctl-3.6.0-py3-none-any.whl (18 kB)
Downloading tzdata-2026.3-py2.py3-none-any.whl (348 kB)
Downloading nvidia_nccl_cu12-2.30.7-py3-none-manylinux_2_18_x86_64.whl (303.4 MB)
   ━━━━━━━━━━━━━━━━━━━━━━━━━━━━━━━━━━━━━━━━ 303.4/303.4 MB 120.2 MB/s  0:00:02
Installing collected packages: pytz, urllib3, tzdata, threadpoolctl, six, nvidia-nccl-cu12, numpy, joblib, idna, charset-normalizer, certifi, scipy, requests, python-dateutil, xgboost, scikit-learn, pandas

Successfully installed certifi-2026.6.17 charset-normalizer-3.4.9 idna-3.18 joblib-1.5.3 numpy-1.26.4 nvidia-nccl-cu12-2.30.7 pandas-2.2.2 python-dateutil-2.9.0.post0 pytz-2026.2 requests-2.32.3 scikit-learn-1.5.1 scipy-1.17.1 six-1.17.0 threadpoolctl-3.6.0 tzdata-2026.3 urllib3-2.7.0 xgboost-2.1.1
=== pip install exit code: 0 ===
Package            Version
------------------ -----------
certifi            2026.6.17
charset-normalizer 3.4.9
idna               3.18
joblib             1.5.3
numpy              1.26.4
nvidia-nccl-cu12   2.30.7
pandas             2.2.2
pip                26.1.2
python-dateutil    2.9.0.post0
pytz               2026.2
requests           2.32.3
scikit-learn       1.5.1
scipy              1.17.1
setuptools         79.0.1
six                1.17.0
threadpoolctl      3.6.0
tzdata             2026.3
urllib3            2.7.0
xgboost            2.1.1
=== build_training_data.py started Tue Jul 14 02:04:35 UTC 2026 ===
Pulling real weather/umpire context (spans all real historical dates)...
Pulling real hitter training data for season 2025...
  season 2025: 44220 real hitter rows
Pulling real pitcher training data for season 2025...
  season 2025: 17130 real pitcher rows
Pulling real hitter training data for season 2026...
  season 2026: 30240 real hitter rows
Pulling real pitcher training data for season 2026...
  season 2026: 12002 real pitcher rows
Real combined hitter training rows (all seasons): 74460
Real combined pitcher training rows (all seasons): 29132
Computing real, leak-safe trailing recent-form features...
Recent-form features computed.
Wrote data/hitter_training_multiseason.csv and data/pitcher_training_multiseason.csv
=== build_training_data.py exit code: 0 ===
=== train_models.py started Tue Jul 14 02:04:56 UTC 2026 ===
Training real hitter models...
  hits: 74460 real rows (train 59568, chronological test 14892), test MAE=0.689 (naive baseline MAE=0.707, 2.4% better), calibration_ratio(pred_mean/actual_mean)=1.0893556292311302, monotone_constraints=(0, 0, 0, 0, 0, 1, 0, 0, 0, 0, 0)
  Exported models/hitter_hits.json (150 trees)
  total_bases: 74460 real rows (train 59568, chronological test 14892), test MAE=1.365 (naive baseline MAE=1.344, -1.6% better), calibration_ratio(pred_mean/actual_mean)=1.1096917629509788, monotone_constraints=(0, 0, 0, 0, 0, 0, 0, 0, 0, 1, 0)
  Exported models/hitter_total_bases.json (150 trees)
  runs: 74460 real rows (train 59568, chronological test 14892), test MAE=0.571 (naive baseline MAE=0.565, -1.0% better), calibration_ratio(pred_mean/actual_mean)=1.1028941467510507, monotone_constraints=(0, 0, 0, 0, 0, 0, 0, 0, 0, 0, 0)
  Exported models/hitter_runs.json (150 trees)
  rbis: 74460 real rows (train 59568, chronological test 14892), test MAE=0.626 (naive baseline MAE=0.611, -2.5% better), calibration_ratio(pred_mean/actual_mean)=1.1264299584877449, monotone_constraints=(0, 0, 0, 0, 0, 0, 0, 0, 0, 0, 0)
  Exported models/hitter_rbis.json (150 trees)
  singles: 74460 real rows (train 59568, chronological test 14892), test MAE=0.608 (naive baseline MAE=0.611, 0.6% better), calibration_ratio(pred_mean/actual_mean)=1.0798102895031467, monotone_constraints=(0, 0, 0, 0, 0, 0, 0, 0, 0, 0, 0)
  Exported models/hitter_singles.json (150 trees)
  doubles: 74460 real rows (train 59568, chronological test 14892), test MAE=0.288 (naive baseline MAE=0.260, -10.7% better), calibration_ratio(pred_mean/actual_mean)=1.3629913515740957, monotone_constraints=(0, 0, 0, 0, 0, 0, 0, 0, 0, 0, 0)
  Exported models/hitter_doubles.json (150 trees)
  home_runs: 74460 real rows (train 59568, chronological test 14892), test MAE=0.232 (naive baseline MAE=0.208, -11.5% better), calibration_ratio(pred_mean/actual_mean)=1.2215720646874197, monotone_constraints=(0, 0, 1, 0, 0, 0, 1, 0, 0, 0, 0)
  Exported models/hitter_home_runs.json (150 trees)
  walks: 74460 real rows (train 59568, chronological test 14892), test MAE=0.464 (naive baseline MAE=0.458, -1.4% better), calibration_ratio(pred_mean/actual_mean)=1.1584810350594348, monotone_constraints=(0, 0, 0, 0, 0, 0, 0, 0, 1, 0, 0)
  Exported models/hitter_walks.json (150 trees)
  hitter_strikeouts: 74460 real rows (train 59568, chronological test 14892), test MAE=0.677 (naive baseline MAE=0.698, 3.0% better), calibration_ratio(pred_mean/actual_mean)=1.055287853913373, monotone_constraints=(0, 0, 0, 0, 0, 0, 0, 1, 0, 0, 0)
  Exported models/hitter_hitter_strikeouts.json (150 trees)
  stolen_bases: 74460 real rows (train 59568, chronological test 14892), test MAE=0.154 (naive baseline MAE=0.124, -24.5% better), calibration_ratio(pred_mean/actual_mean)=1.7429744093323072, monotone_constraints=(0, 0, 0, 0, 0, 0, 0, 0, 0, 0, 0)
  Exported models/hitter_stolen_bases.json (150 trees)
  triples: 74460 real rows (train 59568, chronological test 14892), test MAE=0.055 (naive baseline MAE=0.026, -111.2% better), calibration_ratio(pred_mean/actual_mean)=3.153223844245076, monotone_constraints=(0, 0, 0, 0, 0, 0, 0, 0, 0, 0, 0)
  Exported models/hitter_triples.json (150 trees)
  hits_runs_rbis: 74460 real rows (train 59568, chronological test 14892), test MAE=1.509 (naive baseline MAE=1.525, 1.0% better), calibration_ratio(pred_mean/actual_mean)=1.058296670201366, monotone_constraints=(0, 0, 0, 0, 0, 0, 0, 0, 0, 0, 0)
  Exported models/hitter_hits_runs_rbis.json (150 trees)
Training real pitcher models...
  pitcher_strikeouts: 29132 real rows (train 23305, chronological test 5827), test MAE=1.398 (naive baseline MAE=1.615, 13.5% better), calibration_ratio(pred_mean/actual_mean)=0.8024231723520164, monotone_constraints=(0, 0, 0, 1, 0, 0, 0, 0)
  Exported models/pitcher_pitcher_strikeouts.json (150 trees)
  pitcher_outs: 29132 real rows (train 23305, chronological test 5827), test MAE=3.422 (naive baseline MAE=4.735, 27.7% better), calibration_ratio(pred_mean/actual_mean)=0.7537522306193045, monotone_constraints=(0, 0, 0, 0, 0, 0, 0, 0)
  Exported models/pitcher_pitcher_outs.json (150 trees)
  earned_runs: 29132 real rows (train 23305, chronological test 5827), test MAE=1.056 (naive baseline MAE=1.158, 8.8% better), calibration_ratio(pred_mean/actual_mean)=0.7038289628814741, monotone_constraints=(0, 0, 0, 0, 0, 0, 1, 0)
  Exported models/pitcher_earned_runs.json (150 trees)
  hits_allowed: 29132 real rows (train 23305, chronological test 5827), test MAE=1.523 (naive baseline MAE=1.738, 12.4% better), calibration_ratio(pred_mean/actual_mean)=0.7219593075943986, monotone_constraints=(0, 0, 0, 0, 0, 1, 0, 0)
  Exported models/pitcher_hits_allowed.json (150 trees)
  walks_allowed: 29132 real rows (train 23305, chronological test 5827), test MAE=0.780 (naive baseline MAE=0.824, 5.3% better), calibration_ratio(pred_mean/actual_mean)=0.8212077957386408, monotone_constraints=(0, 0, 0, 0, 1, 0, 0, 0)
  Exported models/pitcher_walks_allowed.json (150 trees)
  runs_allowed: 29132 real rows (train 23305, chronological test 5827), test MAE=1.114 (naive baseline MAE=1.219, 8.6% better), calibration_ratio(pred_mean/actual_mean)=0.7055657726408876, monotone_constraints=(0, 0, 0, 0, 0, 0, 0, 0)
  Exported models/pitcher_runs_allowed.json (150 trees)
=== train_models.py exit code: 0 ===
=== pip install started Tue Jul 14 05:18:12 UTC 2026 ===
Collecting requests==2.32.3 (from -r gbdt_training/requirements.txt (line 1))
  Downloading requests-2.32.3-py3-none-any.whl.metadata (4.6 kB)
Collecting pandas==2.2.2 (from -r gbdt_training/requirements.txt (line 2))
  Downloading pandas-2.2.2-cp311-cp311-manylinux_2_17_x86_64.manylinux2014_x86_64.whl.metadata (19 kB)
Collecting numpy==1.26.4 (from -r gbdt_training/requirements.txt (line 3))
  Downloading numpy-1.26.4-cp311-cp311-manylinux_2_17_x86_64.manylinux2014_x86_64.whl.metadata (61 kB)
Collecting xgboost==2.1.1 (from -r gbdt_training/requirements.txt (line 4))
  Downloading xgboost-2.1.1-py3-none-manylinux_2_28_x86_64.whl.metadata (2.1 kB)
Collecting scikit-learn==1.5.1 (from -r gbdt_training/requirements.txt (line 5))
  Downloading scikit_learn-1.5.1-cp311-cp311-manylinux_2_17_x86_64.manylinux2014_x86_64.whl.metadata (12 kB)
Collecting charset-normalizer<4,>=2 (from requests==2.32.3->-r gbdt_training/requirements.txt (line 1))
  Downloading charset_normalizer-3.4.9-cp311-cp311-manylinux2014_x86_64.manylinux_2_17_x86_64.manylinux_2_28_x86_64.whl.metadata (41 kB)
Collecting idna<4,>=2.5 (from requests==2.32.3->-r gbdt_training/requirements.txt (line 1))
  Downloading idna-3.18-py3-none-any.whl.metadata (6.1 kB)
Collecting urllib3<3,>=1.21.1 (from requests==2.32.3->-r gbdt_training/requirements.txt (line 1))
  Downloading urllib3-2.7.0-py3-none-any.whl.metadata (6.9 kB)
Collecting certifi>=2017.4.17 (from requests==2.32.3->-r gbdt_training/requirements.txt (line 1))
  Downloading certifi-2026.6.17-py3-none-any.whl.metadata (2.5 kB)
Collecting python-dateutil>=2.8.2 (from pandas==2.2.2->-r gbdt_training/requirements.txt (line 2))
  Downloading python_dateutil-2.9.0.post0-py2.py3-none-any.whl.metadata (8.4 kB)
Collecting pytz>=2020.1 (from pandas==2.2.2->-r gbdt_training/requirements.txt (line 2))
  Downloading pytz-2026.2-py2.py3-none-any.whl.metadata (22 kB)
Collecting tzdata>=2022.7 (from pandas==2.2.2->-r gbdt_training/requirements.txt (line 2))
  Downloading tzdata-2026.3-py2.py3-none-any.whl.metadata (1.4 kB)
Collecting nvidia-nccl-cu12 (from xgboost==2.1.1->-r gbdt_training/requirements.txt (line 4))
  Downloading nvidia_nccl_cu12-2.30.7-py3-none-manylinux_2_18_x86_64.whl.metadata (2.1 kB)
Collecting scipy (from xgboost==2.1.1->-r gbdt_training/requirements.txt (line 4))
  Downloading scipy-1.17.1-cp311-cp311-manylinux_2_27_x86_64.manylinux_2_28_x86_64.whl.metadata (62 kB)
Collecting joblib>=1.2.0 (from scikit-learn==1.5.1->-r gbdt_training/requirements.txt (line 5))
  Downloading joblib-1.5.3-py3-none-any.whl.metadata (5.5 kB)
Collecting threadpoolctl>=3.1.0 (from scikit-learn==1.5.1->-r gbdt_training/requirements.txt (line 5))
  Downloading threadpoolctl-3.6.0-py3-none-any.whl.metadata (13 kB)
Collecting six>=1.5 (from python-dateutil>=2.8.2->pandas==2.2.2->-r gbdt_training/requirements.txt (line 2))
  Downloading six-1.17.0-py2.py3-none-any.whl.metadata (1.7 kB)
Downloading requests-2.32.3-py3-none-any.whl (64 kB)
Downloading pandas-2.2.2-cp311-cp311-manylinux_2_17_x86_64.manylinux2014_x86_64.whl (13.0 MB)
   ━━━━━━━━━━━━━━━━━━━━━━━━━━━━━━━━━━━━━━━━ 13.0/13.0 MB 182.3 MB/s  0:00:00
Downloading numpy-1.26.4-cp311-cp311-manylinux_2_17_x86_64.manylinux2014_x86_64.whl (18.3 MB)
   ━━━━━━━━━━━━━━━━━━━━━━━━━━━━━━━━━━━━━━━━ 18.3/18.3 MB 336.4 MB/s  0:00:00
Downloading xgboost-2.1.1-py3-none-manylinux_2_28_x86_64.whl (153.9 MB)
   ━━━━━━━━━━━━━━━━━━━━━━━━━━━━━━━━━━━━━━━━ 153.9/153.9 MB 235.1 MB/s  0:00:00
Downloading scikit_learn-1.5.1-cp311-cp311-manylinux_2_17_x86_64.manylinux2014_x86_64.whl (13.3 MB)
   ━━━━━━━━━━━━━━━━━━━━━━━━━━━━━━━━━━━━━━━━ 13.3/13.3 MB 219.1 MB/s  0:00:00
Downloading charset_normalizer-3.4.9-cp311-cp311-manylinux2014_x86_64.manylinux_2_17_x86_64.manylinux_2_28_x86_64.whl (221 kB)
Downloading idna-3.18-py3-none-any.whl (65 kB)
Downloading urllib3-2.7.0-py3-none-any.whl (131 kB)
Downloading certifi-2026.6.17-py3-none-any.whl (133 kB)
Downloading joblib-1.5.3-py3-none-any.whl (309 kB)
Downloading python_dateutil-2.9.0.post0-py2.py3-none-any.whl (229 kB)
Downloading pytz-2026.2-py2.py3-none-any.whl (510 kB)
Downloading scipy-1.17.1-cp311-cp311-manylinux_2_27_x86_64.manylinux_2_28_x86_64.whl (35.3 MB)
   ━━━━━━━━━━━━━━━━━━━━━━━━━━━━━━━━━━━━━━━━ 35.3/35.3 MB 281.1 MB/s  0:00:00
Downloading six-1.17.0-py2.py3-none-any.whl (11 kB)
Downloading threadpoolctl-3.6.0-py3-none-any.whl (18 kB)
Downloading tzdata-2026.3-py2.py3-none-any.whl (348 kB)
Downloading nvidia_nccl_cu12-2.30.7-py3-none-manylinux_2_18_x86_64.whl (303.4 MB)
   ━━━━━━━━━━━━━━━━━━━━━━━━━━━━━━━━━━━━━━━━ 303.4/303.4 MB 202.0 MB/s  0:00:01
Installing collected packages: pytz, urllib3, tzdata, threadpoolctl, six, nvidia-nccl-cu12, numpy, joblib, idna, charset-normalizer, certifi, scipy, requests, python-dateutil, xgboost, scikit-learn, pandas

Successfully installed certifi-2026.6.17 charset-normalizer-3.4.9 idna-3.18 joblib-1.5.3 numpy-1.26.4 nvidia-nccl-cu12-2.30.7 pandas-2.2.2 python-dateutil-2.9.0.post0 pytz-2026.2 requests-2.32.3 scikit-learn-1.5.1 scipy-1.17.1 six-1.17.0 threadpoolctl-3.6.0 tzdata-2026.3 urllib3-2.7.0 xgboost-2.1.1
=== pip install exit code: 0 ===
Package            Version
------------------ -----------
certifi            2026.6.17
charset-normalizer 3.4.9
idna               3.18
joblib             1.5.3
numpy              1.26.4
nvidia-nccl-cu12   2.30.7
pandas             2.2.2
pip                26.1.2
python-dateutil    2.9.0.post0
pytz               2026.2
requests           2.32.3
scikit-learn       1.5.1
scipy              1.17.1
setuptools         79.0.1
six                1.17.0
threadpoolctl      3.6.0
tzdata             2026.3
urllib3            2.7.0
xgboost            2.1.1
=== build_training_data.py started Tue Jul 14 05:18:32 UTC 2026 ===
Pulling real weather/umpire context (spans all real historical dates)...
Pulling real hitter training data for season 2025...
  season 2025: 44220 real hitter rows
Pulling real pitcher training data for season 2025...
  season 2025: 17130 real pitcher rows
Pulling real hitter training data for season 2026...
  season 2026: 30240 real hitter rows
Pulling real pitcher training data for season 2026...
  season 2026: 12002 real pitcher rows
Real combined hitter training rows (all seasons): 74460
Real combined pitcher training rows (all seasons): 29132
Computing real, leak-safe trailing recent-form features...
Recent-form features computed.
Wrote data/hitter_training_multiseason.csv and data/pitcher_training_multiseason.csv
=== build_training_data.py exit code: 0 ===
=== train_models.py started Tue Jul 14 05:18:55 UTC 2026 ===
Training real hitter models...
  hits: 74460 real rows (train 59568, chronological test 14892), test MAE=0.689 (naive baseline MAE=0.707, 2.5% better), calibration_ratio(pred_mean/actual_mean)=1.0886424593800186, monotone_constraints=(0, 0, 0, 0, 0, 1, 0, 0, 0, 0, 0)
  Exported models/hitter_hits.json (150 trees)
  total_bases: 74460 real rows (train 59568, chronological test 14892), test MAE=1.361 (naive baseline MAE=1.344, -1.3% better), calibration_ratio(pred_mean/actual_mean)=1.0996106561026608, monotone_constraints=(0, 0, 0, 0, 0, 0, 0, 0, 0, 1, 0)
  Exported models/hitter_total_bases.json (150 trees)
  runs: 74460 real rows (train 59568, chronological test 14892), test MAE=0.571 (naive baseline MAE=0.565, -1.0% better), calibration_ratio(pred_mean/actual_mean)=1.1073943658966368, monotone_constraints=(0, 0, 0, 0, 0, 0, 0, 0, 0, 0, 0)
  Exported models/hitter_runs.json (150 trees)
  rbis: 74460 real rows (train 59568, chronological test 14892), test MAE=0.624 (naive baseline MAE=0.611, -2.2% better), calibration_ratio(pred_mean/actual_mean)=1.1150221882495863, monotone_constraints=(0, 0, 0, 0, 0, 0, 0, 0, 0, 0, 0)
  Exported models/hitter_rbis.json (150 trees)
  singles: 74460 real rows (train 59568, chronological test 14892), test MAE=0.608 (naive baseline MAE=0.611, 0.6% better), calibration_ratio(pred_mean/actual_mean)=1.0795898333396816, monotone_constraints=(0, 0, 0, 0, 0, 0, 0, 0, 0, 0, 0)
  Exported models/hitter_singles.json (150 trees)
  doubles: 74460 real rows (train 59568, chronological test 14892), test MAE=0.288 (naive baseline MAE=0.260, -10.7% better), calibration_ratio(pred_mean/actual_mean)=1.3638276798581, monotone_constraints=(0, 0, 0, 0, 0, 0, 0, 0, 0, 0, 0)
  Exported models/hitter_doubles.json (150 trees)
  home_runs: 74460 real rows (train 59568, chronological test 14892), test MAE=0.232 (naive baseline MAE=0.208, -11.4% better), calibration_ratio(pred_mean/actual_mean)=1.2208604711394069, monotone_constraints=(0, 0, 1, 0, 0, 0, 1, 0, 0, 0, 0)
  Exported models/hitter_home_runs.json (150 trees)
  walks: 74460 real rows (train 59568, chronological test 14892), test MAE=0.463 (naive baseline MAE=0.458, -1.2% better), calibration_ratio(pred_mean/actual_mean)=1.1524632000687098, monotone_constraints=(0, 0, 0, 0, 0, 0, 0, 0, 1, 0, 0)
  Exported models/hitter_walks.json (150 trees)
  hitter_strikeouts: 74460 real rows (train 59568, chronological test 14892), test MAE=0.677 (naive baseline MAE=0.698, 3.0% better), calibration_ratio(pred_mean/actual_mean)=1.058423730756952, monotone_constraints=(0, 0, 0, 0, 0, 0, 0, 1, 0, 0, 0)
  Exported models/hitter_hitter_strikeouts.json (150 trees)
  stolen_bases: 74460 real rows (train 59568, chronological test 14892), test MAE=0.156 (naive baseline MAE=0.124, -25.8% better), calibration_ratio(pred_mean/actual_mean)=1.7737381695908963, monotone_constraints=(0, 0, 0, 0, 0, 0, 0, 0, 0, 0, 0)
  Exported models/hitter_stolen_bases.json (150 trees)
  triples: 74460 real rows (train 59568, chronological test 14892), test MAE=0.055 (naive baseline MAE=0.026, -112.3% better), calibration_ratio(pred_mean/actual_mean)=3.1742371536791323, monotone_constraints=(0, 0, 0, 0, 0, 0, 0, 0, 0, 0, 0)
  Exported models/hitter_triples.json (150 trees)
  hits_runs_rbis: 74460 real rows (train 59568, chronological test 14892), test MAE=1.509 (naive baseline MAE=1.525, 1.1% better), calibration_ratio(pred_mean/actual_mean)=1.064664992038966, monotone_constraints=(0, 0, 0, 0, 0, 0, 0, 0, 0, 0, 0)
  Exported models/hitter_hits_runs_rbis.json (150 trees)
Training real pitcher models...
  pitcher_strikeouts: 29132 real rows (train 23305, chronological test 5827), test MAE=1.398 (naive baseline MAE=1.615, 13.5% better), calibration_ratio(pred_mean/actual_mean)=0.8024231723520164, monotone_constraints=(0, 0, 0, 1, 0, 0, 0, 0)
  Exported models/pitcher_pitcher_strikeouts.json (150 trees)
  pitcher_outs: 29132 real rows (train 23305, chronological test 5827), test MAE=3.422 (naive baseline MAE=4.735, 27.7% better), calibration_ratio(pred_mean/actual_mean)=0.7537522306193045, monotone_constraints=(0, 0, 0, 0, 0, 0, 0, 0)
  Exported models/pitcher_pitcher_outs.json (150 trees)
  earned_runs: 29132 real rows (train 23305, chronological test 5827), test MAE=1.056 (naive baseline MAE=1.158, 8.8% better), calibration_ratio(pred_mean/actual_mean)=0.7038289628814741, monotone_constraints=(0, 0, 0, 0, 0, 0, 1, 0)
  Exported models/pitcher_earned_runs.json (150 trees)
  hits_allowed: 29132 real rows (train 23305, chronological test 5827), test MAE=1.523 (naive baseline MAE=1.738, 12.4% better), calibration_ratio(pred_mean/actual_mean)=0.7219593075943986, monotone_constraints=(0, 0, 0, 0, 0, 1, 0, 0)
  Exported models/pitcher_hits_allowed.json (150 trees)
  walks_allowed: 29132 real rows (train 23305, chronological test 5827), test MAE=0.780 (naive baseline MAE=0.824, 5.3% better), calibration_ratio(pred_mean/actual_mean)=0.8212077957386408, monotone_constraints=(0, 0, 0, 0, 1, 0, 0, 0)
  Exported models/pitcher_walks_allowed.json (150 trees)
  runs_allowed: 29132 real rows (train 23305, chronological test 5827), test MAE=1.114 (naive baseline MAE=1.219, 8.6% better), calibration_ratio(pred_mean/actual_mean)=0.7055657726408876, monotone_constraints=(0, 0, 0, 0, 0, 0, 0, 0)
  Exported models/pitcher_runs_allowed.json (150 trees)
=== train_models.py exit code: 0 ===
=== validate_factor_coefficients.py started Tue Jul 14 05:19:04 UTC 2026 ===
Validating weather_temp_altitude_pressure against real historical data...
{
  "validated": true,
  "real_n": 631,
  "empirical_slope_hr_rate_per_pa_per_degree_f": -0.0005158180367490826,
  "empirical_r_squared": 0.0009951695451774212,
  "direction_confirms_locked_assumption": false,
  "note": "Real, raw empirical relationship (temp_f vs HR rate per PA), not yet unit-converted to the locked formula's rate_multiplier scale - see script docstring for the honest reason why."
}
Validating lineup_slot against real historical data...
{
  "validated": true,
  "real_n": 15199,
  "empirical_slope_pa_per_slot": -0.1581425074419336,
  "empirical_r_squared": 0.09231155769733568,
  "locked_coefficient_pa_per_slot": 0.105,
  "direction_confirms_locked_assumption": true,
  "magnitude_close_to_locked": false,
  "note": "Real, direct empirical check against the exact real, locked coefficient - same units, no conversion needed."
}
Wrote data/factor_validation_report.json
Wrote real validation result back to CONFIG_DB cell weather_temp_altitude_pressure__home_runs__all__over
Wrote real validation result back to CONFIG_DB cell lineup_slot__runs__all__over
=== validate_factor_coefficients.py exit code: 0 ===
